[pxdraft.com/wrap/pinory/index.html]
[backblue.gif]
[fade.gif]
[index.html]
[pxdraft.com/wrap/pinory/favicon.ico]
[pxdraft.com/wrap/pinory/assets/css/style.css]
[pxdraft.com/wrap/pinory/assets/img/logo-light.svg]
[pxdraft.com/wrap/pinory/assets/img/logo.svg]
[pxdraft.com/wrap/pinory/assets/img/home-banner.jpg]
[pxdraft.com/wrap/pinory/assets/img/about.jpg]
[pxdraft.com/wrap/pinory/assets/img/project-1.jpg]
[pxdraft.com/wrap/pinory/assets/img/project-2.jpg]
[pxdraft.com/wrap/pinory/assets/img/project-3.jpg]
[pxdraft.com/wrap/pinory/assets/img/project-4.jpg]
[pxdraft.com/wrap/pinory/assets/img/project-5.jpg]
[pxdraft.com/wrap/pinory/assets/img/project-6.jpg]
[pxdraft.com/wrap/pinory/assets/img/avatar-1.jpg]
[pxdraft.com/wrap/pinory/assets/img/avatar-2.jpg]
[pxdraft.com/wrap/pinory/assets/img/avatar-3.jpg]
[pxdraft.com/wrap/pinory/assets/vendor/appear/jquery.appear.js]
[pxdraft.com/wrap/pinory/assets/vendor/bootstrap/js/bootstrap.bundle.min.js]
[pxdraft.com/wrap/pinory/assets/vendor/one-page/scrollIt.min.js]
[pxdraft.com/wrap/pinory/assets/js/color-mode.js]
[pxdraft.com/wrap/pinory/index.html]
[pxdraft.com/wrap/pinory/assets/js/custom.js]
[pxdraft.com/wrap/pinory/assets/vendor/bootstrap/icons/bootstrap-icons.css]
[pxdraft.com/wrap/pinory/assets/vendor/bootstrap/css/bootstrap.min.css]
[pxdraft.com/wrap/pinory/assets/vendor/owl-carousel/css/owl.carousel.min.css]
[pxdraft.com/wrap/pinory/assets/vendor/magnific/magnific-popup.css]
[pxdraft.com/wrap/pinory/assets/css/style.css]
[pxdraft.com/wrap/pinory/assets/img/logo-light.svg]
[pxdraft.com/wrap/pinory/assets/vendor/css-circle/css/circle.css]
[pxdraft.com/wrap/pinory/assets/vendor/font-awesome/css/all.min.css]
[pxdraft.com/wrap/pinory/assets/img/logo.svg]
[pxdraft.com/wrap/pinory/assets/js/jquery-3.6.4.js]
[pxdraft.com/wrap/pinory/assets/js/jquery-3.6.4.js]
[pxdraft.com/wrap/pinory/assets/vendor/appear/jquery.appear.js]
[pxdraft.com/wrap/pinory/assets/vendor/bootstrap/js/bootstrap.bundle.min.js]
[pxdraft.com/wrap/pinory/assets/vendor/one-page/scrollIt.min.js]
[pxdraft.com/wrap/pinory/assets/js/color-mode.js]
[pxdraft.com/wrap/pinory/assets/js/custom.js]
[pxdraft.com/wrap/pinory/assets/vendor/bootstrap/css/bootstrap.min.css]
[pxdraft.com/wrap/pinory/assets/vendor/bootstrap/icons/fonts/bootstrap-iconse36a.woff2]
[pxdraft.com/wrap/pinory/assets/vendor/bootstrap/icons/fonts/bootstrap-iconse36a.woff]
[pxdraft.com/wrap/pinory/assets/vendor/bootstrap/icons/bootstrap-icons.css]
[pxdraft.com/wrap/pinory/true/index.html]
[pxdraft.com/wrap/pinory/assets/vendor/owl-carousel/css/owl.video.play.1d.delayed]
[pxdraft.com/wrap/pinory/assets/vendor/owl-carousel/css/owl.carousel.min.css]
[pxdraft.com/wrap/pinory/assets/vendor/magnific/magnific-popup.css]
[pxdraft.com/wrap/pinory/assets/vendor/font-awesome/webfonts/fa-brands-400.woff2]
[pxdraft.com/wrap/pinory/assets/vendor/font-awesome/webfonts/fa-brands-400.ttf]
[pxdraft.com/wrap/pinory/assets/vendor/font-awesome/webfonts/fa-regular-400.woff2]
[pxdraft.com/wrap/pinory/assets/vendor/font-awesome/webfonts/fa-regular-400.ttf]
[pxdraft.com/wrap/pinory/assets/vendor/font-awesome/webfonts/fa-solid-900.woff2]
[pxdraft.com/wrap/pinory/assets/vendor/font-awesome/webfonts/fa-solid-900.ttf]
[pxdraft.com/wrap/pinory/assets/vendor/font-awesome/css/all.min.css]
[pxdraft.com/wrap/pinory/assets/vendor/css-circle/css/circle.css]
[pxdraft.com/wrap/pinory/true/index.html]
[pxdraft.com/wrap/pinory/assets/vendor/index.html]
[pxdraft.com/wrap/pinory/assets/vendor/owl-carousel/css/owl.video.play.html]
[pxdraft.com/wrap/pinory/assets/vendor/font-awesome/webfonts/fa-v4compatibility.ttf]
[pxdraft.com/wrap/pinory/assets/vendor/font-awesome/webfonts/fa-v4compatibility.woff2]
[pxdraft.com/wrap/pinory/assets/vendor/font-awesome/webfonts/fa-brands-400.woff2]
